10,,,,,,,
11,-1.23456789012E9,ABCDEF  ,XYZ,ＡＢＣＤＥＦＧＨ,2015/06/04,2015/06/06 05:45:06,2015/06/07 05:45:06.789
