,,,,,,
-1.23456789012E9,ABCDEF  ,XYZ,ＡＢＣＤＥＦＧＨ,2015-06-03 21:00:00.000000 +0000,2015-06-05 20:45:06.000000 +0000,2015-06-06 20:45:06.789000 +0000
